[1;32mFunctional annotation of hits...[0m
0 0.00809931755065918 0.00 q/s (% mem usage: 25.00, % mem avail: 74.96)
#  emapper-2.1.13-571c31f
# emapper.py  -i /home/lisa5634/GenomeAnalysis/analyses/05_annotation/02_structure_annotation/braker_output/braker.aa --output chr3_functional --cpu 2 --itype proteins --data_dir /sw/data/eggNOG/5.0.0/rackham/
[1;33m  /sw/arch/eb/software/DIAMOND/2.1.11-GCC-13.3.0/bin/diamond blastp -d '/gorilla/dataset/eggNOG_data/5.0.0/rackham/eggnog_proteins.dmnd' -q '/gorilla/home/lisa5634/GenomeAnalysis/analyses/05_annotation/02_structure_annotation/braker_output/braker.aa' --threads 2 -o '/gorilla/home/lisa5634/GenomeAnalysis/analyses/05_annotation/03_functional_annotation/chr3_functional.emapper.hits' --tmpdir '/gorilla/home/lisa5634/GenomeAnalysis/analyses/05_annotation/03_functional_annotation/emappertmp_dmdn_8739hbsm' --sensitive --iterate -e 0.001 --top 3  --outfmt 6 qseqid sseqid pident length mismatch gapopen qstart qend sstart send evalue bitscore qcovhsp scovhsp[0m
500 63.07503914833069 7.93 q/s (% mem usage: 25.00, % mem avail: 74.95)
1000 108.15899515151978 9.25 q/s (% mem usage: 25.00, % mem avail: 74.96)
1500 183.1641607284546 8.19 q/s (% mem usage: 25.10, % mem avail: 74.87)
2000 244.4231300354004 8.18 q/s (% mem usage: 25.00, % mem avail: 75.00)
2025 245.7233543395996 8.24 q/s (% mem usage: 25.00, % mem avail: 74.97)
[32mDone[0m
[1;33mResult files:[0m
   /gorilla/home/lisa5634/GenomeAnalysis/analyses/05_annotation/03_functional_annotation/chr3_functional.emapper.hits
   /gorilla/home/lisa5634/GenomeAnalysis/analyses/05_annotation/03_functional_annotation/chr3_functional.emapper.seed_orthologs
   /gorilla/home/lisa5634/GenomeAnalysis/analyses/05_annotation/03_functional_annotation/chr3_functional.emapper.annotations

================================================================================
CITATION:
If you use this software, please cite:

[1] eggNOG-mapper v2: functional annotation, orthology assignments, and domain 
      prediction at the metagenomic scale. Carlos P. Cantalapiedra, 
      Ana Hernandez-Plaza, Ivica Letunic, Peer Bork, Jaime Huerta-Cepas. 2021.
      Molecular Biology and Evolution, msab293, https://doi.org/10.1093/molbev/msab293

[2] eggNOG 5.0: a hierarchical, functionally and phylogenetically annotated
      orthology resource based on 5090 organisms and 2502 viruses. Jaime
      Huerta-Cepas, Damian Szklarczyk, Davide Heller, Ana Hernandez-Plaza,
      Sofia K Forslund, Helen Cook, Daniel R Mende, Ivica Letunic, Thomas
      Rattei, Lars J Jensen, Christian von Mering and Peer Bork. Nucleic Acids
      Research, Volume 47, Issue D1, 8 January 2019, Pages D309-D314,
      https://doi.org/10.1093/nar/gky1085 

[3] Sensitive protein alignments at tree-of-life scale using DIAMOND.
       Buchfink B, Reuter K, Drost HG. 2021.
       Nature Methods 18, 366–368 (2021). https://doi.org/10.1038/s41592-021-01101-x

e.g. Functional annotation was performed using eggNOG-mapper (version emapper-2.1.13-571c31f) [1]
 based on eggNOG orthology data [2]. Sequence searches were performed using [3].

================================================================================

Total hits processed: 2025
Total time: 23716 secs
FINISHED
