                                 Started job on |	Apr 18 16:12:13
                             Started mapping on |	Apr 18 16:12:14
                                    Finished on |	Apr 19 10:44:15
       Mapping speed, Million of reads per hour |	7.16

                          Number of input reads |	132702385
                      Average input read length |	300
                                    UNIQUE READS:
                   Uniquely mapped reads number |	10577067
                        Uniquely mapped reads % |	7.97%
                          Average mapped length |	297.88
                       Number of splices: Total |	6977343
            Number of splices: Annotated (sjdb) |	0
                       Number of splices: GT/AG |	6909035
                       Number of splices: GC/AG |	42368
                       Number of splices: AT/AC |	4946
               Number of splices: Non-canonical |	20994
                      Mismatch rate per base, % |	0.32%
                         Deletion rate per base |	0.01%
                        Deletion average length |	1.53
                        Insertion rate per base |	0.01%
                       Insertion average length |	1.62
                             MULTI-MAPPING READS:
        Number of reads mapped to multiple loci |	899126
             % of reads mapped to multiple loci |	0.68%
        Number of reads mapped to too many loci |	24146
             % of reads mapped to too many loci |	0.02%
                                  UNMAPPED READS:
  Number of reads unmapped: too many mismatches |	0
       % of reads unmapped: too many mismatches |	0.00%
            Number of reads unmapped: too short |	121163750
                 % of reads unmapped: too short |	91.30%
                Number of reads unmapped: other |	38296
                     % of reads unmapped: other |	0.03%
                                  CHIMERIC READS:
                       Number of chimeric reads |	0
                            % of chimeric reads |	0.00%
