AUGUSTUS/3.5.0: A read-only config directory is at $AUGUSTUS_CONFIG_PATH. See 'module help AUGUSTUS/3.5.0' for guidance to create your own writable copy.
BBMap/39.19: For improved speed, add 'usejni=t' to the command line of BBMap tools which support the use of the compiled jni C code.
BUSCO/5.8.2: see 'module help BUSCO/5.8.2' for availability of lineage sets
2026-04-15 11:30:04 INFO:	***** Start a BUSCO v5.8.2 analysis, current time: 04/15/2026 11:30:04 *****
2026-04-15 11:30:04 INFO:	Configuring BUSCO with /sw/arch/eb/software/BUSCO/5.8.2-gfbf-2024a/config/config.ini
2026-04-15 11:30:04 INFO:	Running genome mode
2026-04-15 11:30:04 INFO:	Downloading information on latest versions of BUSCO data...
2026-04-15 11:30:04 INFO:	Input file is /gorilla/home/lisa5634/GenomeAnalysis/analyses/03_polishing/pilon_output/chr3_polished.fasta
2026-04-15 11:30:06 INFO:	Running BUSCO using lineage dataset embryophyta_odb10 (eukaryota, 2024-01-08)
2026-04-15 11:30:06 INFO:	Running 1 job(s) on bbtools, starting at 04/15/2026 11:30:06
2026-04-15 11:30:07 INFO:	Note: detected 96 virtual cores but NumExpr set to maximum of 64, check "NUMEXPR_MAX_THREADS" environment variable.
2026-04-15 11:30:07 INFO:	Note: detected 96 virtual cores but NumExpr set to maximum of 64, check "NUMEXPR_MAX_THREADS" environment variable.
2026-04-15 11:30:07 INFO:	Note: NumExpr detected 96 cores but "NUMEXPR_MAX_THREADS" not set, so enforcing safe limit of 8.
2026-04-15 11:30:07 INFO:	Note: NumExpr detected 96 cores but "NUMEXPR_MAX_THREADS" not set, so enforcing safe limit of 8.
2026-04-15 11:30:07 INFO:	NumExpr defaulting to 8 threads.
2026-04-15 11:30:07 INFO:	NumExpr defaulting to 8 threads.
2026-04-15 11:30:08 INFO:	[bbtools]	1 of 1 task(s) completed
2026-04-15 11:30:08 INFO:	Running 1 job(s) on miniprot_index, starting at 04/15/2026 11:30:08
2026-04-15 11:30:08 INFO:	Note: detected 96 virtual cores but NumExpr set to maximum of 64, check "NUMEXPR_MAX_THREADS" environment variable.
2026-04-15 11:30:08 INFO:	Note: detected 96 virtual cores but NumExpr set to maximum of 64, check "NUMEXPR_MAX_THREADS" environment variable.
2026-04-15 11:30:08 INFO:	Note: NumExpr detected 96 cores but "NUMEXPR_MAX_THREADS" not set, so enforcing safe limit of 8.
2026-04-15 11:30:08 INFO:	Note: NumExpr detected 96 cores but "NUMEXPR_MAX_THREADS" not set, so enforcing safe limit of 8.
2026-04-15 11:30:08 INFO:	NumExpr defaulting to 8 threads.
2026-04-15 11:30:08 INFO:	NumExpr defaulting to 8 threads.
2026-04-15 11:30:09 INFO:	[miniprot_index]	1 of 1 task(s) completed
2026-04-15 11:30:09 WARNING:	Unable to remove compressed refseq file in dataset download
2026-04-15 11:30:09 INFO:	Running 1 job(s) on miniprot_align, starting at 04/15/2026 11:30:09
2026-04-15 11:30:09 INFO:	Note: detected 96 virtual cores but NumExpr set to maximum of 64, check "NUMEXPR_MAX_THREADS" environment variable.
2026-04-15 11:30:09 INFO:	Note: detected 96 virtual cores but NumExpr set to maximum of 64, check "NUMEXPR_MAX_THREADS" environment variable.
2026-04-15 11:30:09 INFO:	Note: NumExpr detected 96 cores but "NUMEXPR_MAX_THREADS" not set, so enforcing safe limit of 8.
2026-04-15 11:30:09 INFO:	NumExpr defaulting to 8 threads.
2026-04-15 11:30:09 INFO:	Note: NumExpr detected 96 cores but "NUMEXPR_MAX_THREADS" not set, so enforcing safe limit of 8.
2026-04-15 11:30:09 INFO:	NumExpr defaulting to 8 threads.
2026-04-15 11:41:51 INFO:	[miniprot_align]	1 of 1 task(s) completed
2026-04-15 11:41:54 INFO:	***** Run HMMER on gene sequences *****
2026-04-15 11:41:55 INFO:	Running 644 job(s) on hmmsearch, starting at 04/15/2026 11:41:55
2026-04-15 11:41:55 INFO:	Note: detected 96 virtual cores but NumExpr set to maximum of 64, check "NUMEXPR_MAX_THREADS" environment variable.
2026-04-15 11:41:55 INFO:	Note: NumExpr detected 96 cores but "NUMEXPR_MAX_THREADS" not set, so enforcing safe limit of 8.
2026-04-15 11:41:55 INFO:	NumExpr defaulting to 8 threads.
2026-04-15 11:41:55 INFO:	Note: detected 96 virtual cores but NumExpr set to maximum of 64, check "NUMEXPR_MAX_THREADS" environment variable.
2026-04-15 11:41:55 INFO:	Note: NumExpr detected 96 cores but "NUMEXPR_MAX_THREADS" not set, so enforcing safe limit of 8.
2026-04-15 11:41:55 INFO:	NumExpr defaulting to 8 threads.
2026-04-15 11:42:02 INFO:	[hmmsearch]	65 of 644 task(s) completed
2026-04-15 11:42:08 INFO:	[hmmsearch]	129 of 644 task(s) completed
2026-04-15 11:42:15 INFO:	[hmmsearch]	194 of 644 task(s) completed
2026-04-15 11:42:21 INFO:	[hmmsearch]	258 of 644 task(s) completed
2026-04-15 11:42:28 INFO:	[hmmsearch]	323 of 644 task(s) completed
2026-04-15 11:42:35 INFO:	[hmmsearch]	387 of 644 task(s) completed
2026-04-15 11:42:42 INFO:	[hmmsearch]	451 of 644 task(s) completed
2026-04-15 11:42:49 INFO:	[hmmsearch]	516 of 644 task(s) completed
2026-04-15 11:42:56 INFO:	[hmmsearch]	580 of 644 task(s) completed
2026-04-15 11:43:04 INFO:	[hmmsearch]	644 of 644 task(s) completed
2026-04-15 11:43:04 INFO:	5 candidate overlapping regions found
2026-04-15 11:43:04 INFO:	1499 exons in total
2026-04-15 11:43:04 WARNING:	6 of 152 Complete matches (3.9%) contain internal stop codons in Miniprot gene predictions
2026-04-15 11:43:04 INFO:	

    -------------------------------------------------------------------------------------------
    |Results from dataset embryophyta_odb10                                                    |
    -------------------------------------------------------------------------------------------
    |C:9.4%[S:9.0%,D:0.4%],F:0.4%,M:90.1%,n:1614,E:3.9%                                        |
    |152    Complete BUSCOs (C)    (of which 6 contain internal stop codons)                   |
    |145    Complete and single-copy BUSCOs (S)                                                |
    |7    Complete and duplicated BUSCOs (D)                                                   |
    |7    Fragmented BUSCOs (F)                                                                |
    |1455    Missing BUSCOs (M)                                                                |
    |1614    Total BUSCO groups searched                                                       |
    -------------------------------------------------------------------------------------------
2026-04-15 11:43:04 INFO:	BUSCO analysis done with WARNING(s). Total running time: 780 seconds

***** Summary of warnings: *****
2026-04-15 11:30:09 WARNING:busco.busco_tools.base	Unable to remove compressed refseq file in dataset download
2026-04-15 11:43:04 WARNING:busco.busco_tools.hmmer	6 of 152 Complete matches (3.9%) contain internal stop codons in Miniprot gene predictions

2026-04-15 11:43:04 INFO:	Results written in /gorilla/home/lisa5634/GenomeAnalysis/analyses/04_assessment/busco_output/busco_results
2026-04-15 11:43:04 INFO:	For assistance with interpreting the results, please consult the userguide: https://busco.ezlab.org/busco_userguide.html

2026-04-15 11:43:04 INFO:	Visit this page https://gitlab.com/ezlab/busco#how-to-cite-busco to see how to cite BUSCO
